******************************************************************************
                  TI ARM Linker PC v5.0.4                      
******************************************************************************
>> Linked Mon Sep 16 15:24:40 2013

OUTPUT FILE NAME:   <setup_m3.out>
ENTRY POINT SYMBOL: "_c_int00"  address: 00201b79


MEMORY CONFIGURATION

         name            origin    length      used     unused   attr    fill
----------------------  --------  ---------  --------  --------  ----  --------
  CSM_ECSL_Z1           00200000   00000024  00000000  00000024  RWIX
  CSM_RSVD_Z1           00200024   0000000c  00000000  0000000c  RWIX
  RESETISR              00200030   00000008  00000006  00000002  R  X
  INTVECS               00200200   000001b0  000001b0  00000000  R  X
  FLASH1                00200400   0001fc00  00001a00  0001e200  R  X
  FLASH2                00260000   0001ff00  00000000  0001ff00  R  X
  CSM_RSVD_Z2           0027ff00   000000dc  00000000  000000dc  RWIX
  CSM_ECSL_Z2           0027ffdc   00000024  00000000  00000024  RWIX
  C0                    20000000   00002000  00000358  00001ca8  RW X
  C1                    20002000   00002000  00000000  00002000  RW X
  BOOT_RSVD             20004000   00000900  00000000  00000900  R  X
  C2                    20004900   00001700  00000014  000016ec  RW X
  C3                    20006000   00002000  00000000  00002000  RW X
  CTOMRAM               2007f000   00000800  00000000  00000800  R  X
  MTOCRAM               2007f800   00000800  00000000  00000800  RW X


SEGMENT ALLOCATION MAP

run origin  load origin   length   init length attrs members
----------  ----------- ---------- ----------- ----- -------
00200030    00200030    00000006   00000006    r-x
  00200030    00200030    00000006   00000006    r-x .resetisr
00200200    00200200    000001b0   000001b0    r--
  00200200    00200200    000001b0   000001b0    r-- .intvecs
00200400    00200400    00001a08   00001a08    r-x
  00200400    00200400    00001824   00001824    r-x .text
  00201c28    00201c28    00000154   00000154    r-- .const
  00201d80    00201d80    00000038   00000038    r-- .cinit
  00201db8    00201db8    00000050   00000050    r-- .TI.crctab
20000000    20000000    00000358   00000000    rw-
  20000000    20000000    00000258   00000000    rw- .vtable
  20000258    20000258    00000100   00000000    rw- .stack
20004900    20004900    00000014   00000014    rw-
  20004900    20004900    00000014   00000014    rw- .data


SECTION ALLOCATION MAP

 output                                  attributes/
section   page    origin      length       input sections
--------  ----  ----------  ----------   ----------------
.resetisr 
*          0    00200030    00000006     
                  00200030    00000006     startup_ccs.obj (.resetisr:ResetISR)

.intvecs   0    00200200    000001b0     
                  00200200    000001b0     startup_ccs.obj (.intvecs)

.text      0    00200400    00001824     
                  00200400    00000960     driverlib.lib : sysctl.obj (.text)
                  00200d60    0000044c                   : gpio.obj (.text)
                  002011ac    000002b8                   : interrupt.obj (.text)
                  00201464    00000180     set_pinout_f28m35x.obj (.text:PortControlSet)
                  002015e4    00000180     driverlib.lib : ipc_util.obj (.text)
                  00201764    000000f0     setup_m3.obj (.text:main)
                  00201854    000000ac     driverlib.lib : watchdog.obj (.text)
                  00201900    0000009c     rtsv7M3_T_le_eabi.lib : memcpy_t2.obj (.text)
                  0020199c    00000094                           : auto_init.obj (.text)
                  00201a30    00000064     set_pinout_f28m35x.obj (.text:PinoutSet)
                  00201a94    0000005e     rtsv7M3_T_le_eabi.lib : copy_decompress_rle.obj (.text)
                  00201af2    00000002     startup_ccs.obj (.text:FaultISR)
                  00201af4    00000044     rtsv7M3_T_le_eabi.lib : cpy_tbl.obj (.text)
                  00201b38    00000040                           : exit.obj (.text)
                  00201b78    00000034                           : boot.obj (.text)
                  00201bac    00000018                           : args_main.obj (.text)
                  00201bc4    00000014                           : _lock.obj (.text)
                  00201bd8    00000012                           : copy_zero_init.obj (.text:decompress:ZI)
                  00201bea    0000000e                           : copy_decompress_none.obj (.text:decompress:none)
                  00201bf8    0000000c     setup_m3.obj (.text:CPUcpsid)
                  00201c04    0000000c     setup_m3.obj (.text:CPUcpsie)
                  00201c10    00000006     driverlib.lib : sysctl.obj (.text:SysCtlDelay)
                  00201c16    00000006     rtsv7M3_T_le_eabi.lib : copy_decompress_rle.obj (.text:decompress:rle24)
                  00201c1c    00000004     setup_m3.obj (.text:CPUwfi)
                  00201c20    00000002     startup_ccs.obj (.text:IntDefaultHandler)
                  00201c22    00000002     startup_ccs.obj (.text:NmiSR)

.const     0    00201c28    00000154     
                  00201c28    00000088     driverlib.lib : gpio.obj (.const:g_pulGPIOBaseAddrs)
                  00201cb0    00000064                   : sysctl.obj (.const)
                  00201d14    00000048                   : interrupt.obj (.const:g_pulRegs)
                  00201d5c    00000020                   : interrupt.obj (.const)

.cinit     0    00201d80    00000038     
                  00201d80    00000010     (.cinit..data.load) [load image, compression = rle]
                  00201d90    0000000c     (__TI_handler_table)
                  00201d9c    00000004     --HOLE-- [fill = 0]
                  00201da0    00000008     (.cinit..vtable.load) [load image, compression = zero_init]
                  00201da8    00000010     (__TI_cinit_table)

.TI.crctab 
*          0    00201db8    00000050     
                  00201db8    00000050     (.TI.crctab:AppCrc)

.vtable    0    20000000    00000258     UNINITIALIZED
                  20000000    00000258     driverlib.lib : interrupt.obj (.vtable)

ramfuncs   0    20000000    00000000     UNINITIALIZED

.stack     0    20000258    00000100     UNINITIALIZED
                  20000258    00000100     --HOLE--

.data      0    20004900    00000014     
                  20004900    00000008     rtsv7M3_T_le_eabi.lib : _lock.obj (.data)
                  20004908    00000008                           : exit.obj (.data)
                  20004910    00000004                           : stkdepth_vars.obj (.data)

GETBUFFER 
*          0    2007f000    00000000     DSECT

GETWRITEIDX 
*          0    2007f000    00000000     DSECT

PUTREADIDX 
*          0    2007f000    00000000     DSECT


LINKER GENERATED COPY TABLES

__TI_cinit_table @ 00201da8 records: 2, size/record: 8, table size: 16
	.data: load addr=00201d80, load size=00000010 bytes, run addr=20004900, run size=00000014 bytes, compression=rle
	.vtable: load addr=00201da0, load size=00000008 bytes, run addr=20000000, run size=00000258 bytes, compression=zero_init


LINKER GENERATED HANDLER TABLE

__TI_handler_table @ 00201d90 records: 3, size/record: 4, table size: 12
	index: 0, handler: __TI_zero_init
	index: 1, handler: __TI_decompress_rle24
	index: 2, handler: __TI_decompress_none


LINKER GENERATED CRC TABLES

AppCrc @ 00201db8 records: 3, size/record: 24, table size: 80
	.text: algorithm=CRC32_PRIME(ID=0), load addr=00200400, size=00001824, CRC=00000000d6aa3163
	.const: algorithm=CRC32_PRIME(ID=0), load addr=00201c28, size=00000154, CRC=00000000f30f2e77
	.cinit: algorithm=CRC32_PRIME(ID=0), load addr=00201d80, size=00000038, CRC=00000000f6e62249


GLOBAL SYMBOLS: SORTED ALPHABETICALLY BY Name 

address    name
--------   ----
00201db8   AppCrc
00201b39   C$$EXIT
00201bf9   CPUcpsid
00201c05   CPUcpsie
00201c1d   CPUwfi
00200e33   GPIODirModeGet
00200e03   GPIODirModeSet
00200ea3   GPIOIntTypeGet
00200e5d   GPIOIntTypeSet
00200f37   GPIOPadConfigGet
00200edd   GPIOPadConfigSet
002010c5   GPIOPinConfigure
0020112b   GPIOPinConfigureCoreSelect
00200f9b   GPIOPinIntClear
00200f7f   GPIOPinIntDisable
00200f73   GPIOPinIntEnable
00200f8d   GPIOPinIntStatus
00201155   GPIOPinLock
0020114b   GPIOPinLockStatus
00200fcd   GPIOPinRead
00200fd9   GPIOPinTypeCAN
002010b1   GPIOPinTypeEPI
00200fed   GPIOPinTypeGPIOInput
00201001   GPIOPinTypeGPIOOutput
0020101d   GPIOPinTypeGPIOOutputOD
00201031   GPIOPinTypeI2C
00201049   GPIOPinTypeSSI
00201061   GPIOPinTypeTimer
00201075   GPIOPinTypeUART
0020109d   GPIOPinTypeUSBAnalog
00201089   GPIOPinTypeUSBDigital
0020117b   GPIOPinUnlock
00200fd3   GPIOPinWrite
00200fa1   GPIOPortIntRegister
00200fb9   GPIOPortIntUnregister
002015e5   IPCCtoMFlagAcknowledge
002015ef   IPCCtoMFlagBusy
00201641   IPCMtoCBootControlSystem
00201601   IPCMtoCFlagBusy
0020161f   IPCMtoCFlagClear
00201613   IPCMtoCFlagSet
0020162b   IPCMtoCSharedRamConvert
00201301   IntDisable
0020128d   IntEnable
002011c3   IntFlashVTable
002011b9   IntMasterDisable
002011af   IntMasterEnable
002013ed   IntPendClear
00201377   IntPendSet
00201273   IntPriorityGet
00201225   IntPriorityGroupingGet
00201213   IntPriorityGroupingSet
00201247   IntPrioritySet
002011d1   IntRAMVTable
002011df   IntRegister
00201209   IntUnregister
00201a31   PinoutSet
20000000   RamfuncsLoadEnd
00000000   RamfuncsLoadSize
20000000   RamfuncsLoadStart
20000000   RamfuncsRunEnd
00000000   RamfuncsRunSize
20000000   RamfuncsRunStart
00200031   ResetISR
UNDEFED    SHT$$INIT_ARRAY$$Base
UNDEFED    SHT$$INIT_ARRAY$$Limit
00200adb   SysCtlC28Disable
00200ac3   SysCtlC28Enable
002009f5   SysCtlClockConfigGet
002009c1   SysCtlClockConfigSet
0020075d   SysCtlClockDividersSet
00200a4d   SysCtlClockGet
00200895   SysCtlClockPllConfig
0020069d   SysCtlDeepSleep
00201c11   SysCtlDelay
00200c39   SysCtlEnableAERRNMI
0020041f   SysCtlFlashSizeGet
00200b0f   SysCtlGPIOAHBDisable
00200af3   SysCtlGPIOAHBEnable
00200c4f   SysCtlGetNmiConfig
00200c67   SysCtlGetNmiFlagStatus
00200c59   SysCtlGetNmiInterruptStatus
00200cbb   SysCtlHoldSubSystemInReset
00200c85   SysCtlNmiFlgClr
00200c9d   SysCtlNmiFlgClrAll
00200c6f   SysCtlNmiIsSet
00200661   SysCtlPeripheralClockGating
00200635   SysCtlPeripheralDeepSleepDisable
0020060b   SysCtlPeripheralDeepSleepEnable
0020057b   SysCtlPeripheralDisable
00200555   SysCtlPeripheralEnable
002005a1   SysCtlPeripheralIsEnabled
0020042b   SysCtlPeripheralPresent
0020048d   SysCtlPeripheralReset
002005e5   SysCtlPeripheralSleepDisable
002005bf   SysCtlPeripheralSleepEnable
00200863   SysCtlPowerOffPLL
00200ce5   SysCtlReleaseSubSystemFromReset
00200689   SysCtlReset
002006c9   SysCtlResetCauseClear
002006bd   SysCtlResetCauseGet
00200401   SysCtlSRAMSizeGet
00201c1d   SysCtlSleep
00200d09   SysCtlSubSystemReset
00200c1b   SysCtlUSBPLLConfigGet
00200b89   SysCtlUSBPLLConfigSet
00200b65   SysCtlUSBPLLDisable
00200b2d   SysCtlUSBPLLEnable
002006e5   SysCtlXPllClockDividerSet
0020185d   WatchdogEnable
002018db   WatchdogIntClear
002018c7   WatchdogIntEnable
002018a7   WatchdogIntRegister
002018d1   WatchdogIntStatus
002018b7   WatchdogIntUnregister
0020187b   WatchdogLock
0020188b   WatchdogLockState
0020189f   WatchdogReloadGet
0020189b   WatchdogReloadSet
00201871   WatchdogResetDisable
00201867   WatchdogResetEnable
00201855   WatchdogRunning
002018ef   WatchdogStallDisable
002018e1   WatchdogStallEnable
00201883   WatchdogUnlock
002018a3   WatchdogValueGet
20000358   __STACK_END
00000100   __STACK_SIZE
00201da8   __TI_CINIT_Base
00201db8   __TI_CINIT_Limit
00201db8   __TI_CRC_AppCrc
00201d90   __TI_Handler_Table_Base
00201d9c   __TI_Handler_Table_Limit
00000001   __TI_args_main
0020199d   __TI_auto_init
00201beb   __TI_decompress_none
00201c17   __TI_decompress_rle24
00201d80   __TI_static_base__
00201bd9   __TI_zero_init
00201901   __aeabi_memcpy
00201901   __aeabi_memcpy4
00201901   __aeabi_memcpy8
ffffffff   __binit__
ffffffff   __c_args__
20000258   __stack
00201bad   _args_main
00201b79   _c_int00
20004908   _cleanup_ptr
2000490c   _dtors_ptr
20004900   _lock
00201bd3   _nop
00201bcb   _register_lock
00201bc5   _register_unlock
20004904   _unlock
00201b3d   abort
ffffffff   binit
00201af5   copy_in
00201b45   exit
20000000   g_pfnRAMVectors
00200200   g_pfnVectors
00201765   main
20004910   main_func_sp
00201901   memcpy


GLOBAL SYMBOLS: SORTED BY Symbol Address 

address    name
--------   ----
00000000   RamfuncsLoadSize
00000000   RamfuncsRunSize
00000001   __TI_args_main
00000100   __STACK_SIZE
00200031   ResetISR
00200200   g_pfnVectors
00200401   SysCtlSRAMSizeGet
0020041f   SysCtlFlashSizeGet
0020042b   SysCtlPeripheralPresent
0020048d   SysCtlPeripheralReset
00200555   SysCtlPeripheralEnable
0020057b   SysCtlPeripheralDisable
002005a1   SysCtlPeripheralIsEnabled
002005bf   SysCtlPeripheralSleepEnable
002005e5   SysCtlPeripheralSleepDisable
0020060b   SysCtlPeripheralDeepSleepEnable
00200635   SysCtlPeripheralDeepSleepDisable
00200661   SysCtlPeripheralClockGating
00200689   SysCtlReset
0020069d   SysCtlDeepSleep
002006bd   SysCtlResetCauseGet
002006c9   SysCtlResetCauseClear
002006e5   SysCtlXPllClockDividerSet
0020075d   SysCtlClockDividersSet
00200863   SysCtlPowerOffPLL
00200895   SysCtlClockPllConfig
002009c1   SysCtlClockConfigSet
002009f5   SysCtlClockConfigGet
00200a4d   SysCtlClockGet
00200ac3   SysCtlC28Enable
00200adb   SysCtlC28Disable
00200af3   SysCtlGPIOAHBEnable
00200b0f   SysCtlGPIOAHBDisable
00200b2d   SysCtlUSBPLLEnable
00200b65   SysCtlUSBPLLDisable
00200b89   SysCtlUSBPLLConfigSet
00200c1b   SysCtlUSBPLLConfigGet
00200c39   SysCtlEnableAERRNMI
00200c4f   SysCtlGetNmiConfig
00200c59   SysCtlGetNmiInterruptStatus
00200c67   SysCtlGetNmiFlagStatus
00200c6f   SysCtlNmiIsSet
00200c85   SysCtlNmiFlgClr
00200c9d   SysCtlNmiFlgClrAll
00200cbb   SysCtlHoldSubSystemInReset
00200ce5   SysCtlReleaseSubSystemFromReset
00200d09   SysCtlSubSystemReset
00200e03   GPIODirModeSet
00200e33   GPIODirModeGet
00200e5d   GPIOIntTypeSet
00200ea3   GPIOIntTypeGet
00200edd   GPIOPadConfigSet
00200f37   GPIOPadConfigGet
00200f73   GPIOPinIntEnable
00200f7f   GPIOPinIntDisable
00200f8d   GPIOPinIntStatus
00200f9b   GPIOPinIntClear
00200fa1   GPIOPortIntRegister
00200fb9   GPIOPortIntUnregister
00200fcd   GPIOPinRead
00200fd3   GPIOPinWrite
00200fd9   GPIOPinTypeCAN
00200fed   GPIOPinTypeGPIOInput
00201001   GPIOPinTypeGPIOOutput
0020101d   GPIOPinTypeGPIOOutputOD
00201031   GPIOPinTypeI2C
00201049   GPIOPinTypeSSI
00201061   GPIOPinTypeTimer
00201075   GPIOPinTypeUART
00201089   GPIOPinTypeUSBDigital
0020109d   GPIOPinTypeUSBAnalog
002010b1   GPIOPinTypeEPI
002010c5   GPIOPinConfigure
0020112b   GPIOPinConfigureCoreSelect
0020114b   GPIOPinLockStatus
00201155   GPIOPinLock
0020117b   GPIOPinUnlock
002011af   IntMasterEnable
002011b9   IntMasterDisable
002011c3   IntFlashVTable
002011d1   IntRAMVTable
002011df   IntRegister
00201209   IntUnregister
00201213   IntPriorityGroupingSet
00201225   IntPriorityGroupingGet
00201247   IntPrioritySet
00201273   IntPriorityGet
0020128d   IntEnable
00201301   IntDisable
00201377   IntPendSet
002013ed   IntPendClear
002015e5   IPCCtoMFlagAcknowledge
002015ef   IPCCtoMFlagBusy
00201601   IPCMtoCFlagBusy
00201613   IPCMtoCFlagSet
0020161f   IPCMtoCFlagClear
0020162b   IPCMtoCSharedRamConvert
00201641   IPCMtoCBootControlSystem
00201765   main
00201855   WatchdogRunning
0020185d   WatchdogEnable
00201867   WatchdogResetEnable
00201871   WatchdogResetDisable
0020187b   WatchdogLock
00201883   WatchdogUnlock
0020188b   WatchdogLockState
0020189b   WatchdogReloadSet
0020189f   WatchdogReloadGet
002018a3   WatchdogValueGet
002018a7   WatchdogIntRegister
002018b7   WatchdogIntUnregister
002018c7   WatchdogIntEnable
002018d1   WatchdogIntStatus
002018db   WatchdogIntClear
002018e1   WatchdogStallEnable
002018ef   WatchdogStallDisable
00201901   __aeabi_memcpy
00201901   __aeabi_memcpy4
00201901   __aeabi_memcpy8
00201901   memcpy
0020199d   __TI_auto_init
00201a31   PinoutSet
00201af5   copy_in
00201b39   C$$EXIT
00201b3d   abort
00201b45   exit
00201b79   _c_int00
00201bad   _args_main
00201bc5   _register_unlock
00201bcb   _register_lock
00201bd3   _nop
00201bd9   __TI_zero_init
00201beb   __TI_decompress_none
00201bf9   CPUcpsid
00201c05   CPUcpsie
00201c11   SysCtlDelay
00201c17   __TI_decompress_rle24
00201c1d   CPUwfi
00201c1d   SysCtlSleep
00201d80   __TI_static_base__
00201d90   __TI_Handler_Table_Base
00201d9c   __TI_Handler_Table_Limit
00201da8   __TI_CINIT_Base
00201db8   AppCrc
00201db8   __TI_CINIT_Limit
00201db8   __TI_CRC_AppCrc
20000000   RamfuncsLoadEnd
20000000   RamfuncsLoadStart
20000000   RamfuncsRunEnd
20000000   RamfuncsRunStart
20000000   g_pfnRAMVectors
20000258   __stack
20000358   __STACK_END
20004900   _lock
20004904   _unlock
20004908   _cleanup_ptr
2000490c   _dtors_ptr
20004910   main_func_sp
ffffffff   __binit__
ffffffff   __c_args__
ffffffff   binit
UNDEFED    SHT$$INIT_ARRAY$$Base
UNDEFED    SHT$$INIT_ARRAY$$Limit

[163 symbols]
