******************************************************************************
                  TI ARM Linker PC v5.0.4                      
******************************************************************************
>> Linked Mon Sep 16 13:05:37 2013

OUTPUT FILE NAME:   <setup_m3.out>
ENTRY POINT SYMBOL: "_c_int00"  address: 002019f5


MEMORY CONFIGURATION

         name            origin    length      used     unused   attr    fill
----------------------  --------  ---------  --------  --------  ----  --------
  CSM_ECSL_Z1           00200000   00000024  00000000  00000024  RWIX
  CSM_RSVD_Z1           00200024   0000000c  00000000  0000000c  RWIX
  RESETISR              00200030   00000008  00000006  00000002  R  X
  INTVECS               00200200   000001b0  000001b0  00000000  R  X
  FLASH1                00200400   0001fc00  0000187c  0001e384  R  X
  FLASH2                00260000   0001ff00  00000000  0001ff00  R  X
  CSM_RSVD_Z2           0027ff00   000000dc  00000000  000000dc  RWIX
  CSM_ECSL_Z2           0027ffdc   00000024  00000000  00000024  RWIX
  C0                    20000000   00002000  00000358  00001ca8  RW X
  C1                    20002000   00002000  00000000  00002000  RW X
  BOOT_RSVD             20004000   00000900  00000000  00000900  R  X
  C2                    20004900   00001700  00000014  000016ec  RW X
  C3                    20006000   00002000  00000000  00002000  RW X
  CTOMRAM               2007f000   00000800  00000000  00000800  R  X
  MTOCRAM               2007f800   00000800  00000000  00000800  RW X


SEGMENT ALLOCATION MAP

run origin  load origin   length   init length attrs members
----------  ----------- ---------- ----------- ----- -------
00200030    00200030    00000006   00000006    r-x
  00200030    00200030    00000006   00000006    r-x .resetisr
00200200    00200200    000001b0   000001b0    r--
  00200200    00200200    000001b0   000001b0    r-- .intvecs
00200400    00200400    00001880   00001880    r-x
  00200400    00200400    000016a0   000016a0    r-x .text
  00201aa0    00201aa0    00000154   00000154    r-- .const
  00201bf8    00201bf8    00000038   00000038    r-- .cinit
  00201c30    00201c30    00000050   00000050    r-- .TI.crctab
20000000    20000000    00000358   00000000    rw-
  20000000    20000000    00000258   00000000    rw- .vtable
  20000258    20000258    00000100   00000000    rw- .stack
20004900    20004900    00000014   00000014    rw-
  20004900    20004900    00000014   00000014    rw- .data


SECTION ALLOCATION MAP

 output                                  attributes/
section   page    origin      length       input sections
--------  ----  ----------  ----------   ----------------
.resetisr 
*          0    00200030    00000006     
                  00200030    00000006     startup_ccs.obj (.resetisr:ResetISR)

.intvecs   0    00200200    000001b0     
                  00200200    000001b0     startup_ccs.obj (.intvecs)

.text      0    00200400    000016a0     
                  00200400    00000960     driverlib.lib : sysctl.obj (.text)
                  00200d60    0000044c                   : gpio.obj (.text)
                  002011ac    000002b8                   : interrupt.obj (.text)
                  00201464    00000180     set_pinout_f28m35x.obj (.text:PortControlSet)
                  002015e4    000000ec     setup_m3.obj (.text:main)
                  002016d0    000000ac     driverlib.lib : watchdog.obj (.text)
                  0020177c    0000009c     rtsv7M3_T_le_eabi.lib : memcpy_t2.obj (.text)
                  00201818    00000094                           : auto_init.obj (.text)
                  002018ac    00000064     set_pinout_f28m35x.obj (.text:PinoutSet)
                  00201910    0000005e     rtsv7M3_T_le_eabi.lib : copy_decompress_rle.obj (.text)
                  0020196e    00000002     startup_ccs.obj (.text:FaultISR)
                  00201970    00000044     rtsv7M3_T_le_eabi.lib : cpy_tbl.obj (.text)
                  002019b4    00000040                           : exit.obj (.text)
                  002019f4    00000034                           : boot.obj (.text)
                  00201a28    00000018                           : args_main.obj (.text)
                  00201a40    00000014                           : _lock.obj (.text)
                  00201a54    00000012                           : copy_zero_init.obj (.text:decompress:ZI)
                  00201a66    0000000e                           : copy_decompress_none.obj (.text:decompress:none)
                  00201a74    0000000c     setup_m3.obj (.text:CPUcpsid)
                  00201a80    0000000c     setup_m3.obj (.text:CPUcpsie)
                  00201a8c    00000006     driverlib.lib : sysctl.obj (.text:SysCtlDelay)
                  00201a92    00000006     rtsv7M3_T_le_eabi.lib : copy_decompress_rle.obj (.text:decompress:rle24)
                  00201a98    00000004     setup_m3.obj (.text:CPUwfi)
                  00201a9c    00000002     startup_ccs.obj (.text:IntDefaultHandler)
                  00201a9e    00000002     startup_ccs.obj (.text:NmiSR)

.const     0    00201aa0    00000154     
                  00201aa0    00000088     driverlib.lib : gpio.obj (.const:g_pulGPIOBaseAddrs)
                  00201b28    00000064                   : sysctl.obj (.const)
                  00201b8c    00000048                   : interrupt.obj (.const:g_pulRegs)
                  00201bd4    00000020                   : interrupt.obj (.const)

.cinit     0    00201bf8    00000038     
                  00201bf8    00000010     (.cinit..data.load) [load image, compression = rle]
                  00201c08    0000000c     (__TI_handler_table)
                  00201c14    00000004     --HOLE-- [fill = 0]
                  00201c18    00000008     (.cinit..vtable.load) [load image, compression = zero_init]
                  00201c20    00000010     (__TI_cinit_table)

.TI.crctab 
*          0    00201c30    00000050     
                  00201c30    00000050     (.TI.crctab:AppCrc)

.vtable    0    20000000    00000258     UNINITIALIZED
                  20000000    00000258     driverlib.lib : interrupt.obj (.vtable)

ramfuncs   0    20000000    00000000     UNINITIALIZED

.stack     0    20000258    00000100     UNINITIALIZED
                  20000258    00000100     --HOLE--

.data      0    20004900    00000014     
                  20004900    00000008     rtsv7M3_T_le_eabi.lib : _lock.obj (.data)
                  20004908    00000008                           : exit.obj (.data)
                  20004910    00000004                           : stkdepth_vars.obj (.data)

GETBUFFER 
*          0    2007f000    00000000     DSECT

GETWRITEIDX 
*          0    2007f000    00000000     DSECT

PUTREADIDX 
*          0    2007f000    00000000     DSECT


LINKER GENERATED COPY TABLES

__TI_cinit_table @ 00201c20 records: 2, size/record: 8, table size: 16
	.data: load addr=00201bf8, load size=00000010 bytes, run addr=20004900, run size=00000014 bytes, compression=rle
	.vtable: load addr=00201c18, load size=00000008 bytes, run addr=20000000, run size=00000258 bytes, compression=zero_init


LINKER GENERATED HANDLER TABLE

__TI_handler_table @ 00201c08 records: 3, size/record: 4, table size: 12
	index: 0, handler: __TI_zero_init
	index: 1, handler: __TI_decompress_rle24
	index: 2, handler: __TI_decompress_none


LINKER GENERATED CRC TABLES

AppCrc @ 00201c30 records: 3, size/record: 24, table size: 80
	.text: algorithm=CRC32_PRIME(ID=0), load addr=00200400, size=000016a0, CRC=00000000848b857c
	.const: algorithm=CRC32_PRIME(ID=0), load addr=00201aa0, size=00000154, CRC=00000000f30f2e77
	.cinit: algorithm=CRC32_PRIME(ID=0), load addr=00201bf8, size=00000038, CRC=000000000ccb5201


GLOBAL SYMBOLS: SORTED ALPHABETICALLY BY Name 

address    name
--------   ----
00201c30   AppCrc
002019b5   C$$EXIT
00201a75   CPUcpsid
00201a81   CPUcpsie
00201a99   CPUwfi
00200e33   GPIODirModeGet
00200e03   GPIODirModeSet
00200ea3   GPIOIntTypeGet
00200e5d   GPIOIntTypeSet
00200f37   GPIOPadConfigGet
00200edd   GPIOPadConfigSet
002010c5   GPIOPinConfigure
0020112b   GPIOPinConfigureCoreSelect
00200f9b   GPIOPinIntClear
00200f7f   GPIOPinIntDisable
00200f73   GPIOPinIntEnable
00200f8d   GPIOPinIntStatus
00201155   GPIOPinLock
0020114b   GPIOPinLockStatus
00200fcd   GPIOPinRead
00200fd9   GPIOPinTypeCAN
002010b1   GPIOPinTypeEPI
00200fed   GPIOPinTypeGPIOInput
00201001   GPIOPinTypeGPIOOutput
0020101d   GPIOPinTypeGPIOOutputOD
00201031   GPIOPinTypeI2C
00201049   GPIOPinTypeSSI
00201061   GPIOPinTypeTimer
00201075   GPIOPinTypeUART
0020109d   GPIOPinTypeUSBAnalog
00201089   GPIOPinTypeUSBDigital
0020117b   GPIOPinUnlock
00200fd3   GPIOPinWrite
00200fa1   GPIOPortIntRegister
00200fb9   GPIOPortIntUnregister
00201301   IntDisable
0020128d   IntEnable
002011c3   IntFlashVTable
002011b9   IntMasterDisable
002011af   IntMasterEnable
002013ed   IntPendClear
00201377   IntPendSet
00201273   IntPriorityGet
00201225   IntPriorityGroupingGet
00201213   IntPriorityGroupingSet
00201247   IntPrioritySet
002011d1   IntRAMVTable
002011df   IntRegister
00201209   IntUnregister
002018ad   PinoutSet
20000000   RamfuncsLoadEnd
00000000   RamfuncsLoadSize
20000000   RamfuncsLoadStart
20000000   RamfuncsRunEnd
00000000   RamfuncsRunSize
20000000   RamfuncsRunStart
00200031   ResetISR
UNDEFED    SHT$$INIT_ARRAY$$Base
UNDEFED    SHT$$INIT_ARRAY$$Limit
00200adb   SysCtlC28Disable
00200ac3   SysCtlC28Enable
002009f5   SysCtlClockConfigGet
002009c1   SysCtlClockConfigSet
0020075d   SysCtlClockDividersSet
00200a4d   SysCtlClockGet
00200895   SysCtlClockPllConfig
0020069d   SysCtlDeepSleep
00201a8d   SysCtlDelay
00200c39   SysCtlEnableAERRNMI
0020041f   SysCtlFlashSizeGet
00200b0f   SysCtlGPIOAHBDisable
00200af3   SysCtlGPIOAHBEnable
00200c4f   SysCtlGetNmiConfig
00200c67   SysCtlGetNmiFlagStatus
00200c59   SysCtlGetNmiInterruptStatus
00200cbb   SysCtlHoldSubSystemInReset
00200c85   SysCtlNmiFlgClr
00200c9d   SysCtlNmiFlgClrAll
00200c6f   SysCtlNmiIsSet
00200661   SysCtlPeripheralClockGating
00200635   SysCtlPeripheralDeepSleepDisable
0020060b   SysCtlPeripheralDeepSleepEnable
0020057b   SysCtlPeripheralDisable
00200555   SysCtlPeripheralEnable
002005a1   SysCtlPeripheralIsEnabled
0020042b   SysCtlPeripheralPresent
0020048d   SysCtlPeripheralReset
002005e5   SysCtlPeripheralSleepDisable
002005bf   SysCtlPeripheralSleepEnable
00200863   SysCtlPowerOffPLL
00200ce5   SysCtlReleaseSubSystemFromReset
00200689   SysCtlReset
002006c9   SysCtlResetCauseClear
002006bd   SysCtlResetCauseGet
00200401   SysCtlSRAMSizeGet
00201a99   SysCtlSleep
00200d09   SysCtlSubSystemReset
00200c1b   SysCtlUSBPLLConfigGet
00200b89   SysCtlUSBPLLConfigSet
00200b65   SysCtlUSBPLLDisable
00200b2d   SysCtlUSBPLLEnable
002006e5   SysCtlXPllClockDividerSet
002016d9   WatchdogEnable
00201757   WatchdogIntClear
00201743   WatchdogIntEnable
00201723   WatchdogIntRegister
0020174d   WatchdogIntStatus
00201733   WatchdogIntUnregister
002016f7   WatchdogLock
00201707   WatchdogLockState
0020171b   WatchdogReloadGet
00201717   WatchdogReloadSet
002016ed   WatchdogResetDisable
002016e3   WatchdogResetEnable
002016d1   WatchdogRunning
0020176b   WatchdogStallDisable
0020175d   WatchdogStallEnable
002016ff   WatchdogUnlock
0020171f   WatchdogValueGet
20000358   __STACK_END
00000100   __STACK_SIZE
00201c20   __TI_CINIT_Base
00201c30   __TI_CINIT_Limit
00201c30   __TI_CRC_AppCrc
00201c08   __TI_Handler_Table_Base
00201c14   __TI_Handler_Table_Limit
00000001   __TI_args_main
00201819   __TI_auto_init
00201a67   __TI_decompress_none
00201a93   __TI_decompress_rle24
00201bf8   __TI_static_base__
00201a55   __TI_zero_init
0020177d   __aeabi_memcpy
0020177d   __aeabi_memcpy4
0020177d   __aeabi_memcpy8
ffffffff   __binit__
ffffffff   __c_args__
20000258   __stack
00201a29   _args_main
002019f5   _c_int00
20004908   _cleanup_ptr
2000490c   _dtors_ptr
20004900   _lock
00201a4f   _nop
00201a47   _register_lock
00201a41   _register_unlock
20004904   _unlock
002019b9   abort
ffffffff   binit
00201971   copy_in
002019c1   exit
20000000   g_pfnRAMVectors
00200200   g_pfnVectors
002015e5   main
20004910   main_func_sp
0020177d   memcpy


GLOBAL SYMBOLS: SORTED BY Symbol Address 

address    name
--------   ----
00000000   RamfuncsLoadSize
00000000   RamfuncsRunSize
00000001   __TI_args_main
00000100   __STACK_SIZE
00200031   ResetISR
00200200   g_pfnVectors
00200401   SysCtlSRAMSizeGet
0020041f   SysCtlFlashSizeGet
0020042b   SysCtlPeripheralPresent
0020048d   SysCtlPeripheralReset
00200555   SysCtlPeripheralEnable
0020057b   SysCtlPeripheralDisable
002005a1   SysCtlPeripheralIsEnabled
002005bf   SysCtlPeripheralSleepEnable
002005e5   SysCtlPeripheralSleepDisable
0020060b   SysCtlPeripheralDeepSleepEnable
00200635   SysCtlPeripheralDeepSleepDisable
00200661   SysCtlPeripheralClockGating
00200689   SysCtlReset
0020069d   SysCtlDeepSleep
002006bd   SysCtlResetCauseGet
002006c9   SysCtlResetCauseClear
002006e5   SysCtlXPllClockDividerSet
0020075d   SysCtlClockDividersSet
00200863   SysCtlPowerOffPLL
00200895   SysCtlClockPllConfig
002009c1   SysCtlClockConfigSet
002009f5   SysCtlClockConfigGet
00200a4d   SysCtlClockGet
00200ac3   SysCtlC28Enable
00200adb   SysCtlC28Disable
00200af3   SysCtlGPIOAHBEnable
00200b0f   SysCtlGPIOAHBDisable
00200b2d   SysCtlUSBPLLEnable
00200b65   SysCtlUSBPLLDisable
00200b89   SysCtlUSBPLLConfigSet
00200c1b   SysCtlUSBPLLConfigGet
00200c39   SysCtlEnableAERRNMI
00200c4f   SysCtlGetNmiConfig
00200c59   SysCtlGetNmiInterruptStatus
00200c67   SysCtlGetNmiFlagStatus
00200c6f   SysCtlNmiIsSet
00200c85   SysCtlNmiFlgClr
00200c9d   SysCtlNmiFlgClrAll
00200cbb   SysCtlHoldSubSystemInReset
00200ce5   SysCtlReleaseSubSystemFromReset
00200d09   SysCtlSubSystemReset
00200e03   GPIODirModeSet
00200e33   GPIODirModeGet
00200e5d   GPIOIntTypeSet
00200ea3   GPIOIntTypeGet
00200edd   GPIOPadConfigSet
00200f37   GPIOPadConfigGet
00200f73   GPIOPinIntEnable
00200f7f   GPIOPinIntDisable
00200f8d   GPIOPinIntStatus
00200f9b   GPIOPinIntClear
00200fa1   GPIOPortIntRegister
00200fb9   GPIOPortIntUnregister
00200fcd   GPIOPinRead
00200fd3   GPIOPinWrite
00200fd9   GPIOPinTypeCAN
00200fed   GPIOPinTypeGPIOInput
00201001   GPIOPinTypeGPIOOutput
0020101d   GPIOPinTypeGPIOOutputOD
00201031   GPIOPinTypeI2C
00201049   GPIOPinTypeSSI
00201061   GPIOPinTypeTimer
00201075   GPIOPinTypeUART
00201089   GPIOPinTypeUSBDigital
0020109d   GPIOPinTypeUSBAnalog
002010b1   GPIOPinTypeEPI
002010c5   GPIOPinConfigure
0020112b   GPIOPinConfigureCoreSelect
0020114b   GPIOPinLockStatus
00201155   GPIOPinLock
0020117b   GPIOPinUnlock
002011af   IntMasterEnable
002011b9   IntMasterDisable
002011c3   IntFlashVTable
002011d1   IntRAMVTable
002011df   IntRegister
00201209   IntUnregister
00201213   IntPriorityGroupingSet
00201225   IntPriorityGroupingGet
00201247   IntPrioritySet
00201273   IntPriorityGet
0020128d   IntEnable
00201301   IntDisable
00201377   IntPendSet
002013ed   IntPendClear
002015e5   main
002016d1   WatchdogRunning
002016d9   WatchdogEnable
002016e3   WatchdogResetEnable
002016ed   WatchdogResetDisable
002016f7   WatchdogLock
002016ff   WatchdogUnlock
00201707   WatchdogLockState
00201717   WatchdogReloadSet
0020171b   WatchdogReloadGet
0020171f   WatchdogValueGet
00201723   WatchdogIntRegister
00201733   WatchdogIntUnregister
00201743   WatchdogIntEnable
0020174d   WatchdogIntStatus
00201757   WatchdogIntClear
0020175d   WatchdogStallEnable
0020176b   WatchdogStallDisable
0020177d   __aeabi_memcpy
0020177d   __aeabi_memcpy4
0020177d   __aeabi_memcpy8
0020177d   memcpy
00201819   __TI_auto_init
002018ad   PinoutSet
00201971   copy_in
002019b5   C$$EXIT
002019b9   abort
002019c1   exit
002019f5   _c_int00
00201a29   _args_main
00201a41   _register_unlock
00201a47   _register_lock
00201a4f   _nop
00201a55   __TI_zero_init
00201a67   __TI_decompress_none
00201a75   CPUcpsid
00201a81   CPUcpsie
00201a8d   SysCtlDelay
00201a93   __TI_decompress_rle24
00201a99   CPUwfi
00201a99   SysCtlSleep
00201bf8   __TI_static_base__
00201c08   __TI_Handler_Table_Base
00201c14   __TI_Handler_Table_Limit
00201c20   __TI_CINIT_Base
00201c30   AppCrc
00201c30   __TI_CINIT_Limit
00201c30   __TI_CRC_AppCrc
20000000   RamfuncsLoadEnd
20000000   RamfuncsLoadStart
20000000   RamfuncsRunEnd
20000000   RamfuncsRunStart
20000000   g_pfnRAMVectors
20000258   __stack
20000358   __STACK_END
20004900   _lock
20004904   _unlock
20004908   _cleanup_ptr
2000490c   _dtors_ptr
20004910   main_func_sp
ffffffff   __binit__
ffffffff   __c_args__
ffffffff   binit
UNDEFED    SHT$$INIT_ARRAY$$Base
UNDEFED    SHT$$INIT_ARRAY$$Limit

[156 symbols]
